// Jest Snapshot v1, https://goo.gl/fbAQLP

exports[`BackendTest Snapshot BackendTest 1`] = `
<div>
  <div>
    <h4>
      API URL: 
    </h4>
    <p>
      API data: 
      []
    </p>
  </div>
</div>
`;
